Component: ARM Compiler 5.05 update 1 (build 106) Tool: armlink [4d0efa]

==============================================================================

Section Cross References

    startup_stm32f030.o(STACK) refers (Special) to heapauxi.o(.text) for __use_two_region_memory
    startup_stm32f030.o(HEAP) refers (Special) to heapauxi.o(.text) for __use_two_region_memory
    startup_stm32f030.o(RESET) refers (Special) to heapauxi.o(.text) for __use_two_region_memory
    startup_stm32f030.o(RESET) refers to startup_stm32f030.o(STACK) for __initial_sp
    startup_stm32f030.o(RESET) refers to startup_stm32f030.o(.text) for Reset_Handler
    startup_stm32f030.o(RESET) refers to stm32f0xx_it.o(.text) for NMI_Handler
    startup_stm32f030.o(RESET) refers to usart1.o(.text) for USART1_IRQHandler
    startup_stm32f030.o(.text) refers (Special) to heapauxi.o(.text) for __use_two_region_memory
    startup_stm32f030.o(.text) refers to system_stm32f0xx.o(.text) for SystemInit
    startup_stm32f030.o(.text) refers to __main.o(!!!main) for __main
    startup_stm32f030.o(.text) refers to startup_stm32f030.o(HEAP) for Heap_Mem
    startup_stm32f030.o(.text) refers to startup_stm32f030.o(STACK) for Stack_Mem
    stm32f0xx_adc.o(.text) refers to stm32f0xx_rcc.o(.text) for RCC_APB2PeriphResetCmd
    stm32f0xx_cec.o(.text) refers to stm32f0xx_rcc.o(.text) for RCC_APB1PeriphResetCmd
    stm32f0xx_dac.o(.text) refers to stm32f0xx_rcc.o(.text) for RCC_APB1PeriphResetCmd
    stm32f0xx_gpio.o(.text) refers to stm32f0xx_rcc.o(.text) for RCC_AHBPeriphResetCmd
    stm32f0xx_i2c.o(.text) refers to stm32f0xx_rcc.o(.text) for RCC_APB1PeriphResetCmd
    stm32f0xx_pwr.o(.text) refers to stm32f0xx_rcc.o(.text) for RCC_APB1PeriphResetCmd
    stm32f0xx_rcc.o(.text) refers to aeabi_sdiv.o(.text) for __aeabi_uidivmod
    stm32f0xx_rcc.o(.text) refers to stm32f0xx_rcc.o(.data) for APBAHBPrescTable
    stm32f0xx_spi.o(.text) refers to stm32f0xx_rcc.o(.text) for RCC_APB2PeriphResetCmd
    stm32f0xx_spi.o(.text) refers to aeabi_sdiv.o(.text) for __aeabi_uidivmod
    stm32f0xx_tim.o(.text) refers to stm32f0xx_rcc.o(.text) for RCC_APB2PeriphResetCmd
    stm32f0xx_usart.o(.text) refers to stm32f0xx_rcc.o(.text) for RCC_APB2PeriphResetCmd
    stm32f0xx_usart.o(.text) refers to aeabi_sdiv.o(.text) for __aeabi_uidivmod
    stm32f0xx_wwdg.o(.text) refers to stm32f0xx_rcc.o(.text) for RCC_APB1PeriphResetCmd
    system_stm32f0xx.o(.text) refers to aeabi_sdiv.o(.text) for __aeabi_uidivmod
    system_stm32f0xx.o(.text) refers to system_stm32f0xx.o(.data) for SystemCoreClock
    led.o(.text) refers to stm32f0xx_rcc.o(.text) for RCC_AHBPeriphClockCmd
    led.o(.text) refers to stm32f0xx_gpio.o(.text) for GPIO_Init
    usart1.o(.rev16_text) refers (Special) to use_no_semi_2.o(.text) for __use_no_semihosting
    usart1.o(.revsh_text) refers (Special) to use_no_semi_2.o(.text) for __use_no_semihosting
    usart1.o(.text) refers (Special) to use_no_semi_2.o(.text) for __use_no_semihosting
    usart1.o(.text) refers to stm32f0xx_rcc.o(.text) for RCC_AHBPeriphClockCmd
    usart1.o(.text) refers to stm32f0xx_gpio.o(.text) for GPIO_PinAFConfig
    usart1.o(.text) refers to stm32f0xx_usart.o(.text) for USART_Init
    usart1.o(.text) refers to stm32f0xx_misc.o(.text) for NVIC_Init
    usart1.o(.text) refers to usart1.o(.data) for updata_pro
    usart1.o(.data) refers (Special) to use_no_semi_2.o(.text) for __use_no_semihosting
    stmflash.o(.text) refers to stm32f0xx_flash.o(.text) for FLASH_Unlock
    main.o(.text) refers to stm32f0xx_rcc.o(.text) for RCC_APB2PeriphClockCmd
    main.o(.text) refers to stm32f0xx_syscfg.o(.text) for SYSCFG_MemoryRemapConfig
    main.o(.text) refers to led.o(.text) for LED_GPIO_Config
    main.o(.text) refers to usart1.o(.text) for USART1_Init
    main.o(.text) refers to stm32f0xx_gpio.o(.text) for GPIO_WriteBit
    main.o(.text) refers to noretval__2printf.o(.text) for __2printf
    main.o(.text) refers to stmflash.o(.text) for STMFLASH_Write_NoCheck
    main.o(.text) refers to usart1.o(.data) for updata_pro
    use_no_semi_2.o(.text) refers (Special) to use_no_semi.o(.text) for __use_no_semihosting_swi
    __2printf.o(.text) refers to _printf_char_file.o(.text) for _printf_char_file
    __2printf.o(.text) refers to usart1.o(.data) for __stdout
    noretval__2printf.o(.text) refers to _printf_char_file.o(.text) for _printf_char_file
    noretval__2printf.o(.text) refers to usart1.o(.data) for __stdout
    __main.o(!!!main) refers to __rtentry.o(.ARM.Collect$$rtentry$$00000000) for __rt_entry
    __rtentry.o(.ARM.Collect$$rtentry$$00000000) refers (Special) to __rtentry2.o(.ARM.Collect$$rtentry$$0000000A) for __rt_entry_li
    __rtentry.o(.ARM.Collect$$rtentry$$00000000) refers (Special) to __rtentry2.o(.ARM.Collect$$rtentry$$0000000D) for __rt_entry_main
    __rtentry.o(.ARM.Collect$$rtentry$$00000000) refers (Special) to __rtentry2.o(.ARM.Collect$$rtentry$$0000000C) for __rt_entry_postli_1
    __rtentry.o(.ARM.Collect$$rtentry$$00000000) refers (Special) to __rtentry2.o(.ARM.Collect$$rtentry$$00000009) for __rt_entry_postsh_1
    __rtentry.o(.ARM.Collect$$rtentry$$00000000) refers (Special) to __rtentry2.o(.ARM.Collect$$rtentry$$00000002) for __rt_entry_presh_1
    __rtentry.o(.ARM.Collect$$rtentry$$00000000) refers (Special) to __rtentry4.o(.ARM.Collect$$rtentry$$00000004) for __rt_entry_sh
    aeabi_idiv0_sigfpe.o(.text) refers to rt_div0.o(.text) for __rt_div0
    _printf_char_file.o(.text) refers to _printf_char_common.o(.text) for _printf_char_common
    _printf_char_file.o(.text) refers to ferror.o(.text) for ferror
    _printf_char_file.o(.text) refers to usart1.o(.text) for fputc
    __rtentry2.o(.ARM.Collect$$rtentry$$00000008) refers to boardinit2.o(.text) for _platform_post_stackheap_init
    __rtentry2.o(.ARM.Collect$$rtentry$$0000000A) refers to libinit.o(.ARM.Collect$$libinit$$00000000) for __rt_lib_init
    __rtentry2.o(.ARM.Collect$$rtentry$$0000000B) refers to boardinit3.o(.text) for _platform_post_lib_init
    __rtentry2.o(.ARM.Collect$$rtentry$$0000000D) refers to main.o(.text) for main
    __rtentry2.o(.ARM.Collect$$rtentry$$0000000D) refers to exit.o(.text) for exit
    __rtentry2.o(.ARM.exidx) refers to __rtentry2.o(.ARM.Collect$$rtentry$$00000001) for .ARM.Collect$$rtentry$$00000001
    __rtentry2.o(.ARM.exidx) refers to __rtentry2.o(.ARM.Collect$$rtentry$$00000008) for .ARM.Collect$$rtentry$$00000008
    __rtentry2.o(.ARM.exidx) refers to __rtentry2.o(.ARM.Collect$$rtentry$$0000000A) for .ARM.Collect$$rtentry$$0000000A
    __rtentry2.o(.ARM.exidx) refers to __rtentry2.o(.ARM.Collect$$rtentry$$0000000B) for .ARM.Collect$$rtentry$$0000000B
    __rtentry2.o(.ARM.exidx) refers to __rtentry2.o(.ARM.Collect$$rtentry$$0000000D) for .ARM.Collect$$rtentry$$0000000D
    __rtentry4.o(.ARM.Collect$$rtentry$$00000004) refers to sys_stackheap_outer.o(.text) for __user_setup_stackheap
    __rtentry4.o(.ARM.exidx) refers to __rtentry4.o(.ARM.Collect$$rtentry$$00000004) for .ARM.Collect$$rtentry$$00000004
    rt_div0.o(.text) refers to defsig_fpe_outer.o(.text) for __rt_SIGFPE
    _printf_char_common.o(.text) refers to __printf_nopercent.o(.text) for __printf
    sys_stackheap_outer.o(.text) refers to libspace.o(.text) for __user_perproc_libspace
    sys_stackheap_outer.o(.text) refers to startup_stm32f030.o(.text) for __user_initial_stackheap
    sys_stackheap_outer.o(__vectab_stack_and_reset_area) refers to tempstk.o(.text) for __temporary_stack_top
    sys_stackheap_outer.o(__vectab_stack_and_reset_area) refers to __main.o(!!!main) for __main
    exit.o(.text) refers to rtexit.o(.ARM.Collect$$rtexit$$00000000) for __rt_exit
    defsig_fpe_outer.o(.text) refers to defsig_fpe_inner.o(.text) for __rt_SIGFPE_inner
    defsig_fpe_outer.o(.text) refers to defsig_exit.o(.text) for __sig_exit
    defsig_fpe_formal.o(.text) refers to rt_raise.o(.text) for __rt_raise
    libinit.o(.ARM.Collect$$libinit$$00000000) refers (Special) to libinit2.o(.ARM.Collect$$libinit$$0000002E) for __rt_lib_init_alloca_1
    libinit.o(.ARM.Collect$$libinit$$00000000) refers (Special) to libinit2.o(.ARM.Collect$$libinit$$0000002C) for __rt_lib_init_argv_1
    libinit.o(.ARM.Collect$$libinit$$00000000) refers (Special) to libinit2.o(.ARM.Collect$$libinit$$0000001B) for __rt_lib_init_atexit_1
    libinit.o(.ARM.Collect$$libinit$$00000000) refers (Special) to libinit2.o(.ARM.Collect$$libinit$$00000021) for __rt_lib_init_clock_1
    libinit.o(.ARM.Collect$$libinit$$00000000) refers (Special) to libinit2.o(.ARM.Collect$$libinit$$00000032) for __rt_lib_init_cpp_1
    libinit.o(.ARM.Collect$$libinit$$00000000) refers (Special) to libinit2.o(.ARM.Collect$$libinit$$00000030) for __rt_lib_init_exceptions_1
    libinit.o(.ARM.Collect$$libinit$$00000000) refers (Special) to libinit2.o(.ARM.Collect$$libinit$$00000002) for __rt_lib_init_fp_1
    libinit.o(.ARM.Collect$$libinit$$00000000) refers (Special) to libinit2.o(.ARM.Collect$$libinit$$0000001F) for __rt_lib_init_fp_trap_1
    libinit.o(.ARM.Collect$$libinit$$00000000) refers (Special) to libinit2.o(.ARM.Collect$$libinit$$00000023) for __rt_lib_init_getenv_1
    libinit.o(.ARM.Collect$$libinit$$00000000) refers (Special) to libinit2.o(.ARM.Collect$$libinit$$0000000A) for __rt_lib_init_heap_1
    libinit.o(.ARM.Collect$$libinit$$00000000) refers (Special) to libinit2.o(.ARM.Collect$$libinit$$00000011) for __rt_lib_init_lc_collate_1
    libinit.o(.ARM.Collect$$libinit$$00000000) refers (Special) to libinit2.o(.ARM.Collect$$libinit$$00000013) for __rt_lib_init_lc_ctype_1
    libinit.o(.ARM.Collect$$libinit$$00000000) refers (Special) to libinit2.o(.ARM.Collect$$libinit$$00000015) for __rt_lib_init_lc_monetary_1
    libinit.o(.ARM.Collect$$libinit$$00000000) refers (Special) to libinit2.o(.ARM.Collect$$libinit$$00000017) for __rt_lib_init_lc_numeric_1
    libinit.o(.ARM.Collect$$libinit$$00000000) refers (Special) to libinit2.o(.ARM.Collect$$libinit$$00000019) for __rt_lib_init_lc_time_1
    libinit.o(.ARM.Collect$$libinit$$00000000) refers (Special) to libinit2.o(.ARM.Collect$$libinit$$00000004) for __rt_lib_init_preinit_1
    libinit.o(.ARM.Collect$$libinit$$00000000) refers (Special) to libinit2.o(.ARM.Collect$$libinit$$0000000E) for __rt_lib_init_rand_1
    libinit.o(.ARM.Collect$$libinit$$00000000) refers (Special) to libinit2.o(.ARM.Collect$$libinit$$00000033) for __rt_lib_init_return
    libinit.o(.ARM.Collect$$libinit$$00000000) refers (Special) to libinit2.o(.ARM.Collect$$libinit$$0000001D) for __rt_lib_init_signal_1
    libinit.o(.ARM.Collect$$libinit$$00000000) refers (Special) to libinit2.o(.ARM.Collect$$libinit$$00000025) for __rt_lib_init_stdio_1
    libinit.o(.ARM.Collect$$libinit$$00000000) refers (Special) to libinit2.o(.ARM.Collect$$libinit$$0000000C) for __rt_lib_init_user_alloc_1
    libspace.o(.text) refers to libspace.o(.bss) for __libspace_start
    rtexit.o(.ARM.Collect$$rtexit$$00000000) refers (Special) to rtexit2.o(.ARM.Collect$$rtexit$$00000004) for __rt_exit_exit
    rtexit.o(.ARM.Collect$$rtexit$$00000000) refers (Special) to rtexit2.o(.ARM.Collect$$rtexit$$00000003) for __rt_exit_ls
    rtexit.o(.ARM.Collect$$rtexit$$00000000) refers (Special) to rtexit2.o(.ARM.Collect$$rtexit$$00000002) for __rt_exit_prels_1
    rtexit.o(.ARM.exidx) refers (Special) to rtexit2.o(.ARM.Collect$$rtexit$$00000004) for __rt_exit_exit
    rtexit.o(.ARM.exidx) refers (Special) to rtexit2.o(.ARM.Collect$$rtexit$$00000003) for __rt_exit_ls
    rtexit.o(.ARM.exidx) refers (Special) to rtexit2.o(.ARM.Collect$$rtexit$$00000002) for __rt_exit_prels_1
    rtexit.o(.ARM.exidx) refers to rtexit.o(.ARM.Collect$$rtexit$$00000000) for .ARM.Collect$$rtexit$$00000000
    rt_raise.o(.text) refers to __raise.o(.text) for __raise
    rt_raise.o(.text) refers to usart1.o(.text) for _sys_exit
    defsig_exit.o(.text) refers to usart1.o(.text) for _sys_exit
    defsig_fpe_inner.o(.text) refers to defsig_general.o(.text) for __default_signal_display
    libinit2.o(.ARM.Collect$$libinit$$00000010) refers to libinit2.o(.ARM.Collect$$libinit$$0000000F) for .ARM.Collect$$libinit$$0000000F
    libinit2.o(.ARM.Collect$$libinit$$00000012) refers to libinit2.o(.ARM.Collect$$libinit$$0000000F) for .ARM.Collect$$libinit$$0000000F
    libinit2.o(.ARM.Collect$$libinit$$00000014) refers to libinit2.o(.ARM.Collect$$libinit$$0000000F) for .ARM.Collect$$libinit$$0000000F
    libinit2.o(.ARM.Collect$$libinit$$00000016) refers to libinit2.o(.ARM.Collect$$libinit$$0000000F) for .ARM.Collect$$libinit$$0000000F
    libinit2.o(.ARM.Collect$$libinit$$00000018) refers to libinit2.o(.ARM.Collect$$libinit$$0000000F) for .ARM.Collect$$libinit$$0000000F
    libinit2.o(.ARM.Collect$$libinit$$00000026) refers to argv_veneer.o(.text) for __ARM_argv_veneer
    libinit2.o(.ARM.Collect$$libinit$$00000027) refers to argv_veneer.o(.text) for __ARM_argv_veneer
    rtexit2.o(.ARM.Collect$$rtexit$$00000003) refers to libshutdown.o(.ARM.Collect$$libshutdown$$00000000) for __rt_lib_shutdown
    rtexit2.o(.ARM.Collect$$rtexit$$00000004) refers to usart1.o(.text) for _sys_exit
    rtexit2.o(.ARM.exidx) refers to rtexit2.o(.ARM.Collect$$rtexit$$00000001) for .ARM.Collect$$rtexit$$00000001
    rtexit2.o(.ARM.exidx) refers to rtexit2.o(.ARM.Collect$$rtexit$$00000003) for .ARM.Collect$$rtexit$$00000003
    rtexit2.o(.ARM.exidx) refers to rtexit2.o(.ARM.Collect$$rtexit$$00000004) for .ARM.Collect$$rtexit$$00000004
    __raise.o(.text) refers to defsig.o(CL$$defsig) for __default_signal_handler
    defsig_general.o(.text) refers to sys_wrch.o(.text) for _ttywrch
    sys_wrch.o(.text) refers (Special) to use_no_semi.o(.text) for __I$use$semihosting
    sys_wrch.o(.text) refers (Special) to indicate_semi.o(.text) for __semihosting_library_function
    defsig.o(CL$$defsig) refers to defsig_fpe_inner.o(.text) for __rt_SIGFPE_inner
    defsig.o(CL$$defsig) refers to defsig_rtmem_inner.o(.text) for __rt_SIGRTMEM_inner
    _get_argv_nomalloc.o(.text) refers (Special) to hrguard.o(.text) for __heap_region$guard
    _get_argv_nomalloc.o(.text) refers to defsig_rtmem_outer.o(.text) for __rt_SIGRTMEM
    _get_argv_nomalloc.o(.text) refers to sys_command.o(.text) for _sys_command_string
    libshutdown.o(.ARM.Collect$$libshutdown$$00000000) refers (Special) to libshutdown2.o(.ARM.Collect$$libshutdown$$00000006) for __rt_lib_shutdown_fp_trap_1
    libshutdown.o(.ARM.Collect$$libshutdown$$00000000) refers (Special) to libshutdown2.o(.ARM.Collect$$libshutdown$$0000000E) for __rt_lib_shutdown_heap_1
    libshutdown.o(.ARM.Collect$$libshutdown$$00000000) refers (Special) to libshutdown2.o(.ARM.Collect$$libshutdown$$0000000F) for __rt_lib_shutdown_return
    libshutdown.o(.ARM.Collect$$libshutdown$$00000000) refers (Special) to libshutdown2.o(.ARM.Collect$$libshutdown$$00000009) for __rt_lib_shutdown_signal_1
    libshutdown.o(.ARM.Collect$$libshutdown$$00000000) refers (Special) to libshutdown2.o(.ARM.Collect$$libshutdown$$00000003) for __rt_lib_shutdown_stdio_1
    libshutdown.o(.ARM.Collect$$libshutdown$$00000000) refers (Special) to libshutdown2.o(.ARM.Collect$$libshutdown$$0000000B) for __rt_lib_shutdown_user_alloc_1
    sys_command.o(.text) refers (Special) to use_no_semi.o(.text) for __I$use$semihosting
    sys_command.o(.text) refers (Special) to indicate_semi.o(.text) for __semihosting_library_function
    defsig_abrt_inner.o(.text) refers to defsig_general.o(.text) for __default_signal_display
    defsig_rtred_inner.o(.text) refers to defsig_general.o(.text) for __default_signal_display
    defsig_rtmem_inner.o(.text) refers to defsig_general.o(.text) for __default_signal_display
    defsig_rtmem_outer.o(.text) refers to defsig_rtmem_inner.o(.text) for __rt_SIGRTMEM_inner
    defsig_rtmem_outer.o(.text) refers to defsig_exit.o(.text) for __sig_exit
    defsig_rtmem_formal.o(.text) refers to rt_raise.o(.text) for __rt_raise
    defsig_stak_inner.o(.text) refers to defsig_general.o(.text) for __default_signal_display
    defsig_pvfn_inner.o(.text) refers to defsig_general.o(.text) for __default_signal_display
    defsig_cppl_inner.o(.text) refers to defsig_general.o(.text) for __default_signal_display
    defsig_segv_inner.o(.text) refers to defsig_general.o(.text) for __default_signal_display
    defsig_other.o(.text) refers to defsig_general.o(.text) for __default_signal_display


==============================================================================

Removing Unused input sections from the image.

    Removing stm32f0xx_adc.o(.rev16_text), (4 bytes).
    Removing stm32f0xx_adc.o(.revsh_text), (4 bytes).
    Removing stm32f0xx_adc.o(.text), (748 bytes).
    Removing stm32f0xx_cec.o(.rev16_text), (4 bytes).
    Removing stm32f0xx_cec.o(.revsh_text), (4 bytes).
    Removing stm32f0xx_cec.o(.text), (336 bytes).
    Removing stm32f0xx_comp.o(.rev16_text), (4 bytes).
    Removing stm32f0xx_comp.o(.revsh_text), (4 bytes).
    Removing stm32f0xx_comp.o(.text), (232 bytes).
    Removing stm32f0xx_crc.o(.rev16_text), (4 bytes).
    Removing stm32f0xx_crc.o(.revsh_text), (4 bytes).
    Removing stm32f0xx_crc.o(.text), (228 bytes).
    Removing stm32f0xx_dac.o(.rev16_text), (4 bytes).
    Removing stm32f0xx_dac.o(.revsh_text), (4 bytes).
    Removing stm32f0xx_dac.o(.text), (528 bytes).
    Removing stm32f0xx_dbgmcu.o(.rev16_text), (4 bytes).
    Removing stm32f0xx_dbgmcu.o(.revsh_text), (4 bytes).
    Removing stm32f0xx_dbgmcu.o(.text), (108 bytes).
    Removing stm32f0xx_dma.o(.rev16_text), (4 bytes).
    Removing stm32f0xx_dma.o(.revsh_text), (4 bytes).
    Removing stm32f0xx_dma.o(.text), (424 bytes).
    Removing stm32f0xx_exti.o(.rev16_text), (4 bytes).
    Removing stm32f0xx_exti.o(.revsh_text), (4 bytes).
    Removing stm32f0xx_exti.o(.text), (248 bytes).
    Removing stm32f0xx_flash.o(.rev16_text), (4 bytes).
    Removing stm32f0xx_flash.o(.revsh_text), (4 bytes).
    Removing stm32f0xx_gpio.o(.rev16_text), (4 bytes).
    Removing stm32f0xx_gpio.o(.revsh_text), (4 bytes).
    Removing stm32f0xx_i2c.o(.rev16_text), (4 bytes).
    Removing stm32f0xx_i2c.o(.revsh_text), (4 bytes).
    Removing stm32f0xx_i2c.o(.text), (1174 bytes).
    Removing stm32f0xx_iwdg.o(.rev16_text), (4 bytes).
    Removing stm32f0xx_iwdg.o(.revsh_text), (4 bytes).
    Removing stm32f0xx_iwdg.o(.text), (76 bytes).
    Removing stm32f0xx_misc.o(.rev16_text), (4 bytes).
    Removing stm32f0xx_misc.o(.revsh_text), (4 bytes).
    Removing stm32f0xx_pwr.o(.rev16_text), (4 bytes).
    Removing stm32f0xx_pwr.o(.revsh_text), (4 bytes).
    Removing stm32f0xx_pwr.o(.text), (344 bytes).
    Removing stm32f0xx_rcc.o(.rev16_text), (4 bytes).
    Removing stm32f0xx_rcc.o(.revsh_text), (4 bytes).
    Removing stm32f0xx_rtc.o(.rev16_text), (4 bytes).
    Removing stm32f0xx_rtc.o(.revsh_text), (4 bytes).
    Removing stm32f0xx_rtc.o(.text), (3136 bytes).
    Removing stm32f0xx_spi.o(.rev16_text), (4 bytes).
    Removing stm32f0xx_spi.o(.revsh_text), (4 bytes).
    Removing stm32f0xx_spi.o(.text), (956 bytes).
    Removing stm32f0xx_syscfg.o(.rev16_text), (4 bytes).
    Removing stm32f0xx_syscfg.o(.revsh_text), (4 bytes).
    Removing stm32f0xx_tim.o(.rev16_text), (4 bytes).
    Removing stm32f0xx_tim.o(.revsh_text), (4 bytes).
    Removing stm32f0xx_tim.o(.text), (3072 bytes).
    Removing stm32f0xx_usart.o(.rev16_text), (4 bytes).
    Removing stm32f0xx_usart.o(.revsh_text), (4 bytes).
    Removing stm32f0xx_wwdg.o(.rev16_text), (4 bytes).
    Removing stm32f0xx_wwdg.o(.revsh_text), (4 bytes).
    Removing stm32f0xx_wwdg.o(.text), (148 bytes).
    Removing system_stm32f0xx.o(.rev16_text), (4 bytes).
    Removing system_stm32f0xx.o(.revsh_text), (4 bytes).
    Removing led.o(.rev16_text), (4 bytes).
    Removing led.o(.revsh_text), (4 bytes).
    Removing usart1.o(.rev16_text), (4 bytes).
    Removing usart1.o(.revsh_text), (4 bytes).
    Removing stmflash.o(.rev16_text), (4 bytes).
    Removing stmflash.o(.revsh_text), (4 bytes).
    Removing main.o(.rev16_text), (4 bytes).
    Removing main.o(.revsh_text), (4 bytes).
    Removing stm32f0xx_it.o(.rev16_text), (4 bytes).
    Removing stm32f0xx_it.o(.revsh_text), (4 bytes).

69 unused section(s) (total 11974 bytes) removed from the image.

==============================================================================

Image Symbol Table

    Local Symbols

    Symbol Name                              Value     Ov Type        Size  Object(Section)

    ../clib/angel/boardlib.s                 0x00000000   Number         0  boardinit3.o ABSOLUTE
    ../clib/angel/boardlib.s                 0x00000000   Number         0  boardinit2.o ABSOLUTE
    ../clib/angel/boardlib.s                 0x00000000   Number         0  boardinit1.o ABSOLUTE
    ../clib/angel/boardlib.s                 0x00000000   Number         0  boardshut.o ABSOLUTE
    ../clib/angel/handlers.s                 0x00000000   Number         0  __scatter_copy.o ABSOLUTE
    ../clib/angel/handlers.s                 0x00000000   Number         0  __scatter_zi.o ABSOLUTE
    ../clib/angel/kernel.s                   0x00000000   Number         0  rtexit.o ABSOLUTE
    ../clib/angel/kernel.s                   0x00000000   Number         0  __rtentry4.o ABSOLUTE
    ../clib/angel/kernel.s                   0x00000000   Number         0  rtexit2.o ABSOLUTE
    ../clib/angel/kernel.s                   0x00000000   Number         0  __rtentry2.o ABSOLUTE
    ../clib/angel/kernel.s                   0x00000000   Number         0  __rtentry.o ABSOLUTE
    ../clib/angel/rt.s                       0x00000000   Number         0  rt_raise.o ABSOLUTE
    ../clib/angel/rt.s                       0x00000000   Number         0  rt_div0.o ABSOLUTE
    ../clib/angel/rt.s                       0x00000000   Number         0  aeabi_idiv0.o ABSOLUTE
    ../clib/angel/rt.s                       0x00000000   Number         0  aeabi_idiv0_sigfpe.o ABSOLUTE
    ../clib/angel/scatterp.s                 0x00000000   Number         0  __scatter.o ABSOLUTE
    ../clib/angel/startup.s                  0x00000000   Number         0  __main.o ABSOLUTE
    ../clib/angel/sys.s                      0x00000000   Number         0  use_no_semi_2.o ABSOLUTE
    ../clib/angel/sys.s                      0x00000000   Number         0  sys_stackheap_outer.o ABSOLUTE
    ../clib/angel/sys.s                      0x00000000   Number         0  indicate_semi.o ABSOLUTE
    ../clib/angel/sys.s                      0x00000000   Number         0  use_no_semi.o ABSOLUTE
    ../clib/angel/sys.s                      0x00000000   Number         0  tempstk.o ABSOLUTE
    ../clib/angel/sys.s                      0x00000000   Number         0  libspace.o ABSOLUTE
    ../clib/angel/sysapp.c                   0x00000000   Number         0  sys_command.o ABSOLUTE
    ../clib/angel/sysapp.c                   0x00000000   Number         0  sys_wrch.o ABSOLUTE
    ../clib/armsys.c                         0x00000000   Number         0  _get_argv_nomalloc.o ABSOLUTE
    ../clib/armsys.c                         0x00000000   Number         0  no_argv.o ABSOLUTE
    ../clib/armsys.c                         0x00000000   Number         0  argv_veneer.o ABSOLUTE
    ../clib/division.s                       0x00000000   Number         0  aeabi_sdiv_div0.o ABSOLUTE
    ../clib/division.s                       0x00000000   Number         0  aeabi_sdiv.o ABSOLUTE
    ../clib/heapalloc.c                      0x00000000   Number         0  hrguard.o ABSOLUTE
    ../clib/heapaux.c                        0x00000000   Number         0  heapauxi.o ABSOLUTE
    ../clib/libinit.s                        0x00000000   Number         0  libshutdown.o ABSOLUTE
    ../clib/libinit.s                        0x00000000   Number         0  libshutdown2.o ABSOLUTE
    ../clib/libinit.s                        0x00000000   Number         0  libinit2.o ABSOLUTE
    ../clib/libinit.s                        0x00000000   Number         0  libinit.o ABSOLUTE
    ../clib/printf.c                         0x00000000   Number         0  _printf_char_file.o ABSOLUTE
    ../clib/printf.c                         0x00000000   Number         0  _printf_char_common.o ABSOLUTE
    ../clib/printf.c                         0x00000000   Number         0  __2printf.o ABSOLUTE
    ../clib/printf.c                         0x00000000   Number         0  noretval__2printf.o ABSOLUTE
    ../clib/printf.c                         0x00000000   Number         0  __printf_nopercent.o ABSOLUTE
    ../clib/signal.c                         0x00000000   Number         0  defsig_cppl_inner.o ABSOLUTE
    ../clib/signal.c                         0x00000000   Number         0  defsig_pvfn_inner.o ABSOLUTE
    ../clib/signal.c                         0x00000000   Number         0  defsig_stak_inner.o ABSOLUTE
    ../clib/signal.c                         0x00000000   Number         0  defsig_rtmem_formal.o ABSOLUTE
    ../clib/signal.c                         0x00000000   Number         0  defsig_rtmem_outer.o ABSOLUTE
    ../clib/signal.c                         0x00000000   Number         0  defsig_rtmem_inner.o ABSOLUTE
    ../clib/signal.c                         0x00000000   Number         0  defsig_rtred_inner.o ABSOLUTE
    ../clib/signal.c                         0x00000000   Number         0  defsig_abrt_inner.o ABSOLUTE
    ../clib/signal.c                         0x00000000   Number         0  defsig_other.o ABSOLUTE
    ../clib/signal.c                         0x00000000   Number         0  defsig_segv_inner.o ABSOLUTE
    ../clib/signal.c                         0x00000000   Number         0  defsig_general.o ABSOLUTE
    ../clib/signal.c                         0x00000000   Number         0  __raise.o ABSOLUTE
    ../clib/signal.c                         0x00000000   Number         0  defsig_fpe_inner.o ABSOLUTE
    ../clib/signal.c                         0x00000000   Number         0  defsig_exit.o ABSOLUTE
    ../clib/signal.c                         0x00000000   Number         0  defsig_fpe_outer.o ABSOLUTE
    ../clib/signal.c                         0x00000000   Number         0  defsig_fpe_formal.o ABSOLUTE
    ../clib/signal.s                         0x00000000   Number         0  defsig.o ABSOLUTE
    ../clib/stdio.c                          0x00000000   Number         0  ferror_locked.o ABSOLUTE
    ../clib/stdio.c                          0x00000000   Number         0  ferror.o ABSOLUTE
    ../clib/stdlib.c                         0x00000000   Number         0  exit.o ABSOLUTE
    ../fplib/cfplib/fpinit.c                 0x00000000   Number         0  fpinit.o ABSOLUTE
    ..\..\BSP\led.c                          0x00000000   Number         0  led.o ABSOLUTE
    ..\..\BSP\stmflash.c                     0x00000000   Number         0  stmflash.o ABSOLUTE
    ..\..\BSP\usart1.c                       0x00000000   Number         0  usart1.o ABSOLUTE
    ..\..\Libraries\CMSIS\ST\STM32F0xx\Source\Templates\arm\startup_stm32f030.s 0x00000000   Number         0  startup_stm32f030.o ABSOLUTE
    ..\..\Libraries\CMSIS\ST\STM32F0xx\Source\Templates\system_stm32f0xx.c 0x00000000   Number         0  system_stm32f0xx.o ABSOLUTE
    ..\..\Libraries\STM32F0xx_StdPeriph_Driver\src\stm32f0xx_adc.c 0x00000000   Number         0  stm32f0xx_adc.o ABSOLUTE
    ..\..\Libraries\STM32F0xx_StdPeriph_Driver\src\stm32f0xx_cec.c 0x00000000   Number         0  stm32f0xx_cec.o ABSOLUTE
    ..\..\Libraries\STM32F0xx_StdPeriph_Driver\src\stm32f0xx_comp.c 0x00000000   Number         0  stm32f0xx_comp.o ABSOLUTE
    ..\..\Libraries\STM32F0xx_StdPeriph_Driver\src\stm32f0xx_crc.c 0x00000000   Number         0  stm32f0xx_crc.o ABSOLUTE
    ..\..\Libraries\STM32F0xx_StdPeriph_Driver\src\stm32f0xx_dac.c 0x00000000   Number         0  stm32f0xx_dac.o ABSOLUTE
    ..\..\Libraries\STM32F0xx_StdPeriph_Driver\src\stm32f0xx_dbgmcu.c 0x00000000   Number         0  stm32f0xx_dbgmcu.o ABSOLUTE
    ..\..\Libraries\STM32F0xx_StdPeriph_Driver\src\stm32f0xx_dma.c 0x00000000   Number         0  stm32f0xx_dma.o ABSOLUTE
    ..\..\Libraries\STM32F0xx_StdPeriph_Driver\src\stm32f0xx_exti.c 0x00000000   Number         0  stm32f0xx_exti.o ABSOLUTE
    ..\..\Libraries\STM32F0xx_StdPeriph_Driver\src\stm32f0xx_flash.c 0x00000000   Number         0  stm32f0xx_flash.o ABSOLUTE
    ..\..\Libraries\STM32F0xx_StdPeriph_Driver\src\stm32f0xx_gpio.c 0x00000000   Number         0  stm32f0xx_gpio.o ABSOLUTE
    ..\..\Libraries\STM32F0xx_StdPeriph_Driver\src\stm32f0xx_i2c.c 0x00000000   Number         0  stm32f0xx_i2c.o ABSOLUTE
    ..\..\Libraries\STM32F0xx_StdPeriph_Driver\src\stm32f0xx_iwdg.c 0x00000000   Number         0  stm32f0xx_iwdg.o ABSOLUTE
    ..\..\Libraries\STM32F0xx_StdPeriph_Driver\src\stm32f0xx_misc.c 0x00000000   Number         0  stm32f0xx_misc.o ABSOLUTE
    ..\..\Libraries\STM32F0xx_StdPeriph_Driver\src\stm32f0xx_pwr.c 0x00000000   Number         0  stm32f0xx_pwr.o ABSOLUTE
    ..\..\Libraries\STM32F0xx_StdPeriph_Driver\src\stm32f0xx_rcc.c 0x00000000   Number         0  stm32f0xx_rcc.o ABSOLUTE
    ..\..\Libraries\STM32F0xx_StdPeriph_Driver\src\stm32f0xx_rtc.c 0x00000000   Number         0  stm32f0xx_rtc.o ABSOLUTE
    ..\..\Libraries\STM32F0xx_StdPeriph_Driver\src\stm32f0xx_spi.c 0x00000000   Number         0  stm32f0xx_spi.o ABSOLUTE
    ..\..\Libraries\STM32F0xx_StdPeriph_Driver\src\stm32f0xx_syscfg.c 0x00000000   Number         0  stm32f0xx_syscfg.o ABSOLUTE
    ..\..\Libraries\STM32F0xx_StdPeriph_Driver\src\stm32f0xx_tim.c 0x00000000   Number         0  stm32f0xx_tim.o ABSOLUTE
    ..\..\Libraries\STM32F0xx_StdPeriph_Driver\src\stm32f0xx_usart.c 0x00000000   Number         0  stm32f0xx_usart.o ABSOLUTE
    ..\..\Libraries\STM32F0xx_StdPeriph_Driver\src\stm32f0xx_wwdg.c 0x00000000   Number         0  stm32f0xx_wwdg.o ABSOLUTE
    ..\\..\\BSP\\led.c                       0x00000000   Number         0  led.o ABSOLUTE
    ..\\..\\BSP\\stmflash.c                  0x00000000   Number         0  stmflash.o ABSOLUTE
    ..\\..\\BSP\\usart1.c                    0x00000000   Number         0  usart1.o ABSOLUTE
    ..\\..\\Libraries\\CMSIS\\ST\\STM32F0xx\\Source\\Templates\\system_stm32f0xx.c 0x00000000   Number         0  system_stm32f0xx.o ABSOLUTE
    ..\\..\\Libraries\\STM32F0xx_StdPeriph_Driver\\src\\stm32f0xx_adc.c 0x00000000   Number         0  stm32f0xx_adc.o ABSOLUTE
    ..\\..\\Libraries\\STM32F0xx_StdPeriph_Driver\\src\\stm32f0xx_cec.c 0x00000000   Number         0  stm32f0xx_cec.o ABSOLUTE
    ..\\..\\Libraries\\STM32F0xx_StdPeriph_Driver\\src\\stm32f0xx_comp.c 0x00000000   Number         0  stm32f0xx_comp.o ABSOLUTE
    ..\\..\\Libraries\\STM32F0xx_StdPeriph_Driver\\src\\stm32f0xx_crc.c 0x00000000   Number         0  stm32f0xx_crc.o ABSOLUTE
    ..\\..\\Libraries\\STM32F0xx_StdPeriph_Driver\\src\\stm32f0xx_dac.c 0x00000000   Number         0  stm32f0xx_dac.o ABSOLUTE
    ..\\..\\Libraries\\STM32F0xx_StdPeriph_Driver\\src\\stm32f0xx_dbgmcu.c 0x00000000   Number         0  stm32f0xx_dbgmcu.o ABSOLUTE
    ..\\..\\Libraries\\STM32F0xx_StdPeriph_Driver\\src\\stm32f0xx_dma.c 0x00000000   Number         0  stm32f0xx_dma.o ABSOLUTE
    ..\\..\\Libraries\\STM32F0xx_StdPeriph_Driver\\src\\stm32f0xx_exti.c 0x00000000   Number         0  stm32f0xx_exti.o ABSOLUTE
    ..\\..\\Libraries\\STM32F0xx_StdPeriph_Driver\\src\\stm32f0xx_flash.c 0x00000000   Number         0  stm32f0xx_flash.o ABSOLUTE
    ..\\..\\Libraries\\STM32F0xx_StdPeriph_Driver\\src\\stm32f0xx_gpio.c 0x00000000   Number         0  stm32f0xx_gpio.o ABSOLUTE
    ..\\..\\Libraries\\STM32F0xx_StdPeriph_Driver\\src\\stm32f0xx_i2c.c 0x00000000   Number         0  stm32f0xx_i2c.o ABSOLUTE
    ..\\..\\Libraries\\STM32F0xx_StdPeriph_Driver\\src\\stm32f0xx_iwdg.c 0x00000000   Number         0  stm32f0xx_iwdg.o ABSOLUTE
    ..\\..\\Libraries\\STM32F0xx_StdPeriph_Driver\\src\\stm32f0xx_misc.c 0x00000000   Number         0  stm32f0xx_misc.o ABSOLUTE
    ..\\..\\Libraries\\STM32F0xx_StdPeriph_Driver\\src\\stm32f0xx_pwr.c 0x00000000   Number         0  stm32f0xx_pwr.o ABSOLUTE
    ..\\..\\Libraries\\STM32F0xx_StdPeriph_Driver\\src\\stm32f0xx_rcc.c 0x00000000   Number         0  stm32f0xx_rcc.o ABSOLUTE
    ..\\..\\Libraries\\STM32F0xx_StdPeriph_Driver\\src\\stm32f0xx_rtc.c 0x00000000   Number         0  stm32f0xx_rtc.o ABSOLUTE
    ..\\..\\Libraries\\STM32F0xx_StdPeriph_Driver\\src\\stm32f0xx_spi.c 0x00000000   Number         0  stm32f0xx_spi.o ABSOLUTE
    ..\\..\\Libraries\\STM32F0xx_StdPeriph_Driver\\src\\stm32f0xx_syscfg.c 0x00000000   Number         0  stm32f0xx_syscfg.o ABSOLUTE
    ..\\..\\Libraries\\STM32F0xx_StdPeriph_Driver\\src\\stm32f0xx_tim.c 0x00000000   Number         0  stm32f0xx_tim.o ABSOLUTE
    ..\\..\\Libraries\\STM32F0xx_StdPeriph_Driver\\src\\stm32f0xx_usart.c 0x00000000   Number         0  stm32f0xx_usart.o ABSOLUTE
    ..\\..\\Libraries\\STM32F0xx_StdPeriph_Driver\\src\\stm32f0xx_wwdg.c 0x00000000   Number         0  stm32f0xx_wwdg.o ABSOLUTE
    ..\\main.c                               0x00000000   Number         0  main.o ABSOLUTE
    ..\\stm32f0xx_it.c                       0x00000000   Number         0  stm32f0xx_it.o ABSOLUTE
    ..\main.c                                0x00000000   Number         0  main.o ABSOLUTE
    ..\stm32f0xx_it.c                        0x00000000   Number         0  stm32f0xx_it.o ABSOLUTE
    dc.s                                     0x00000000   Number         0  dc.o ABSOLUTE
    RESET                                    0x08005000   Section      180  startup_stm32f030.o(RESET)
    !!!main                                  0x080050b4   Section        8  __main.o(!!!main)
    !!!scatter                               0x080050bc   Section       60  __scatter.o(!!!scatter)
    !!handler_copy                           0x080050f8   Section       26  __scatter_copy.o(!!handler_copy)
    !!handler_zi                             0x08005114   Section       28  __scatter_zi.o(!!handler_zi)
    .ARM.Collect$$libinit$$00000000          0x08005130   Section        2  libinit.o(.ARM.Collect$$libinit$$00000000)
    .ARM.Collect$$libinit$$00000002          0x08005132   Section        0  libinit2.o(.ARM.Collect$$libinit$$00000002)
    .ARM.Collect$$libinit$$00000004          0x08005132   Section        0  libinit2.o(.ARM.Collect$$libinit$$00000004)
    .ARM.Collect$$libinit$$0000000A          0x08005132   Section        0  libinit2.o(.ARM.Collect$$libinit$$0000000A)
    .ARM.Collect$$libinit$$0000000C          0x08005132   Section        0  libinit2.o(.ARM.Collect$$libinit$$0000000C)
    .ARM.Collect$$libinit$$0000000E          0x08005132   Section        0  libinit2.o(.ARM.Collect$$libinit$$0000000E)
    .ARM.Collect$$libinit$$00000011          0x08005132   Section        0  libinit2.o(.ARM.Collect$$libinit$$00000011)
    .ARM.Collect$$libinit$$00000013          0x08005132   Section        0  libinit2.o(.ARM.Collect$$libinit$$00000013)
    .ARM.Collect$$libinit$$00000015          0x08005132   Section        0  libinit2.o(.ARM.Collect$$libinit$$00000015)
    .ARM.Collect$$libinit$$00000017          0x08005132   Section        0  libinit2.o(.ARM.Collect$$libinit$$00000017)
    .ARM.Collect$$libinit$$00000019          0x08005132   Section        0  libinit2.o(.ARM.Collect$$libinit$$00000019)
    .ARM.Collect$$libinit$$0000001B          0x08005132   Section        0  libinit2.o(.ARM.Collect$$libinit$$0000001B)
    .ARM.Collect$$libinit$$0000001D          0x08005132   Section        0  libinit2.o(.ARM.Collect$$libinit$$0000001D)
    .ARM.Collect$$libinit$$0000001F          0x08005132   Section        0  libinit2.o(.ARM.Collect$$libinit$$0000001F)
    .ARM.Collect$$libinit$$00000021          0x08005132   Section        0  libinit2.o(.ARM.Collect$$libinit$$00000021)
    .ARM.Collect$$libinit$$00000023          0x08005132   Section        0  libinit2.o(.ARM.Collect$$libinit$$00000023)
    .ARM.Collect$$libinit$$00000025          0x08005132   Section        0  libinit2.o(.ARM.Collect$$libinit$$00000025)
    .ARM.Collect$$libinit$$0000002C          0x08005132   Section        0  libinit2.o(.ARM.Collect$$libinit$$0000002C)
    .ARM.Collect$$libinit$$0000002E          0x08005132   Section        0  libinit2.o(.ARM.Collect$$libinit$$0000002E)
    .ARM.Collect$$libinit$$00000030          0x08005132   Section        0  libinit2.o(.ARM.Collect$$libinit$$00000030)
    .ARM.Collect$$libinit$$00000032          0x08005132   Section        0  libinit2.o(.ARM.Collect$$libinit$$00000032)
    .ARM.Collect$$libinit$$00000033          0x08005132   Section        2  libinit2.o(.ARM.Collect$$libinit$$00000033)
    .ARM.Collect$$libshutdown$$00000000      0x08005134   Section        2  libshutdown.o(.ARM.Collect$$libshutdown$$00000000)
    .ARM.Collect$$libshutdown$$00000003      0x08005136   Section        0  libshutdown2.o(.ARM.Collect$$libshutdown$$00000003)
    .ARM.Collect$$libshutdown$$00000006      0x08005136   Section        0  libshutdown2.o(.ARM.Collect$$libshutdown$$00000006)
    .ARM.Collect$$libshutdown$$00000009      0x08005136   Section        0  libshutdown2.o(.ARM.Collect$$libshutdown$$00000009)
    .ARM.Collect$$libshutdown$$0000000B      0x08005136   Section        0  libshutdown2.o(.ARM.Collect$$libshutdown$$0000000B)
    .ARM.Collect$$libshutdown$$0000000E      0x08005136   Section        0  libshutdown2.o(.ARM.Collect$$libshutdown$$0000000E)
    .ARM.Collect$$libshutdown$$0000000F      0x08005136   Section        2  libshutdown2.o(.ARM.Collect$$libshutdown$$0000000F)
    .ARM.Collect$$rtentry$$00000000          0x08005138   Section        0  __rtentry.o(.ARM.Collect$$rtentry$$00000000)
    .ARM.Collect$$rtentry$$00000002          0x08005138   Section        0  __rtentry2.o(.ARM.Collect$$rtentry$$00000002)
    .ARM.Collect$$rtentry$$00000004          0x08005138   Section        6  __rtentry4.o(.ARM.Collect$$rtentry$$00000004)
    .ARM.Collect$$rtentry$$00000009          0x0800513e   Section        0  __rtentry2.o(.ARM.Collect$$rtentry$$00000009)
    .ARM.Collect$$rtentry$$0000000A          0x0800513e   Section        4  __rtentry2.o(.ARM.Collect$$rtentry$$0000000A)
    .ARM.Collect$$rtentry$$0000000C          0x08005142   Section        0  __rtentry2.o(.ARM.Collect$$rtentry$$0000000C)
    .ARM.Collect$$rtentry$$0000000D          0x08005142   Section        8  __rtentry2.o(.ARM.Collect$$rtentry$$0000000D)
    .ARM.Collect$$rtexit$$00000000           0x0800514a   Section        2  rtexit.o(.ARM.Collect$$rtexit$$00000000)
    .ARM.Collect$$rtexit$$00000002           0x0800514c   Section        0  rtexit2.o(.ARM.Collect$$rtexit$$00000002)
    .ARM.Collect$$rtexit$$00000003           0x0800514c   Section        4  rtexit2.o(.ARM.Collect$$rtexit$$00000003)
    .ARM.Collect$$rtexit$$00000004           0x08005150   Section        6  rtexit2.o(.ARM.Collect$$rtexit$$00000004)
    .text                                    0x08005158   Section       56  startup_stm32f030.o(.text)
    .text                                    0x08005190   Section        0  stm32f0xx_flash.o(.text)
    .text                                    0x08005840   Section        0  stm32f0xx_gpio.o(.text)
    .text                                    0x08005a4c   Section        0  stm32f0xx_misc.o(.text)
    .text                                    0x08005b00   Section        0  stm32f0xx_rcc.o(.text)
    .text                                    0x080061d0   Section        0  stm32f0xx_syscfg.o(.text)
    .text                                    0x080062c0   Section        0  stm32f0xx_usart.o(.text)
    .text                                    0x08006858   Section        0  system_stm32f0xx.o(.text)
    SetSysClock                              0x08006859   Thumb Code   126  system_stm32f0xx.o(.text)
    .text                                    0x08006a00   Section        0  led.o(.text)
    .text                                    0x08006a44   Section        0  usart1.o(.text)
    .text                                    0x08006b20   Section        0  stmflash.o(.text)
    .text                                    0x08006b44   Section        0  main.o(.text)
    .text                                    0x08006c34   Section        0  stm32f0xx_it.o(.text)
    .text                                    0x08006c40   Section        2  use_no_semi_2.o(.text)
    .text                                    0x08006c44   Section        0  noretval__2printf.o(.text)
    .text                                    0x08006c60   Section      346  aeabi_sdiv.o(.text)
    .text                                    0x08006dba   Section        0  heapauxi.o(.text)
    .text                                    0x08006dc0   Section        2  use_no_semi.o(.text)
    .text                                    0x08006dc4   Section        0  _printf_char_file.o(.text)
    .text                                    0x08006dec   Section        0  _printf_char_common.o(.text)
    _printf_input_char                       0x08006ded   Thumb Code    10  _printf_char_common.o(.text)
    .text                                    0x08006e1c   Section        0  ferror.o(.text)
    .text                                    0x08006e24   Section       62  sys_stackheap_outer.o(.text)
    .text                                    0x08006e62   Section        0  __printf_nopercent.o(.text)
    .text                                    0x08006e86   Section        0  exit.o(.text)
    .text                                    0x08006e94   Section        8  libspace.o(.text)
    .data                                    0x200000b4   Section       16  stm32f0xx_rcc.o(.data)
    APBAHBPrescTable                         0x200000b4   Data          16  stm32f0xx_rcc.o(.data)
    .data                                    0x200000c4   Section       20  system_stm32f0xx.o(.data)
    .data                                    0x200000d8   Section        5  usart1.o(.data)
    .bss                                     0x200000e0   Section       96  libspace.o(.bss)
    HEAP                                     0x20000140   Section      512  startup_stm32f030.o(HEAP)
    Heap_Mem                                 0x20000140   Data         512  startup_stm32f030.o(HEAP)
    STACK                                    0x20000340   Section     1024  startup_stm32f030.o(STACK)
    Stack_Mem                                0x20000340   Data        1024  startup_stm32f030.o(STACK)
    __initial_sp                             0x20000740   Data           0  startup_stm32f030.o(STACK)

    Global Symbols

    Symbol Name                              Value     Ov Type        Size  Object(Section)

    BuildAttributes$$THM_ISAv3M$S$PE$A:L22$X:L11$S22$IEEE1$IW$USESV6$~STKCKD$USESV7$~SHL$OSPACE$ROPI$EBA8$UX$STANDARDLIB$REQ8$PRES8$EABIv2 0x00000000   Number         0  anon$$obj.o ABSOLUTE
    __ARM_use_no_argv                        0x00000000   Number         0  main.o ABSOLUTE
    __ARM_exceptions_init                     - Undefined Weak Reference
    __alloca_initialize                       - Undefined Weak Reference
    __arm_preinit_                            - Undefined Weak Reference
    __cpp_initialize__aeabi_                  - Undefined Weak Reference
    __cxa_finalize                            - Undefined Weak Reference
    __rt_locale                               - Undefined Weak Reference
    __sigvec_lookup                           - Undefined Weak Reference
    _atexit_init                              - Undefined Weak Reference
    _call_atexit_fns                          - Undefined Weak Reference
    _clock_init                               - Undefined Weak Reference
    _fp_trap_init                             - Undefined Weak Reference
    _fp_trap_shutdown                         - Undefined Weak Reference
    _get_lc_collate                           - Undefined Weak Reference
    _get_lc_ctype                             - Undefined Weak Reference
    _get_lc_monetary                          - Undefined Weak Reference
    _get_lc_numeric                           - Undefined Weak Reference
    _get_lc_time                              - Undefined Weak Reference
    _getenv_init                              - Undefined Weak Reference
    _handle_redirection                       - Undefined Weak Reference
    _init_alloc                               - Undefined Weak Reference
    _init_user_alloc                          - Undefined Weak Reference
    _initio                                   - Undefined Weak Reference
    _mutex_acquire                            - Undefined Weak Reference
    _mutex_release                            - Undefined Weak Reference
    _rand_init                                - Undefined Weak Reference
    _signal_finish                            - Undefined Weak Reference
    _signal_init                              - Undefined Weak Reference
    _terminate_alloc                          - Undefined Weak Reference
    _terminate_user_alloc                     - Undefined Weak Reference
    _terminateio                              - Undefined Weak Reference
    __Vectors_Size                           0x000000b4   Number         0  startup_stm32f030.o ABSOLUTE
    __Vectors                                0x08005000   Data           4  startup_stm32f030.o(RESET)
    __Vectors_End                            0x080050b4   Data           0  startup_stm32f030.o(RESET)
    __main                                   0x080050b5   Thumb Code     8  __main.o(!!!main)
    __scatterload                            0x080050bd   Thumb Code     0  __scatter.o(!!!scatter)
    __scatterload_rt2                        0x080050bd   Thumb Code    52  __scatter.o(!!!scatter)
    __scatterload_rt2_thumb_only             0x080050bd   Thumb Code     0  __scatter.o(!!!scatter)
    __scatterload_null                       0x080050cd   Thumb Code     0  __scatter.o(!!!scatter)
    __scatterload_copy                       0x080050f9   Thumb Code    26  __scatter_copy.o(!!handler_copy)
    __scatterload_zeroinit                   0x08005115   Thumb Code    28  __scatter_zi.o(!!handler_zi)
    __rt_lib_init                            0x08005131   Thumb Code     0  libinit.o(.ARM.Collect$$libinit$$00000000)
    __rt_lib_init_alloca_1                   0x08005133   Thumb Code     0  libinit2.o(.ARM.Collect$$libinit$$0000002E)
    __rt_lib_init_argv_1                     0x08005133   Thumb Code     0  libinit2.o(.ARM.Collect$$libinit$$0000002C)
    __rt_lib_init_atexit_1                   0x08005133   Thumb Code     0  libinit2.o(.ARM.Collect$$libinit$$0000001B)
    __rt_lib_init_clock_1                    0x08005133   Thumb Code     0  libinit2.o(.ARM.Collect$$libinit$$00000021)
    __rt_lib_init_cpp_1                      0x08005133   Thumb Code     0  libinit2.o(.ARM.Collect$$libinit$$00000032)
    __rt_lib_init_exceptions_1               0x08005133   Thumb Code     0  libinit2.o(.ARM.Collect$$libinit$$00000030)
    __rt_lib_init_fp_1                       0x08005133   Thumb Code     0  libinit2.o(.ARM.Collect$$libinit$$00000002)
    __rt_lib_init_fp_trap_1                  0x08005133   Thumb Code     0  libinit2.o(.ARM.Collect$$libinit$$0000001F)
    __rt_lib_init_getenv_1                   0x08005133   Thumb Code     0  libinit2.o(.ARM.Collect$$libinit$$00000023)
    __rt_lib_init_heap_1                     0x08005133   Thumb Code     0  libinit2.o(.ARM.Collect$$libinit$$0000000A)
    __rt_lib_init_lc_collate_1               0x08005133   Thumb Code     0  libinit2.o(.ARM.Collect$$libinit$$00000011)
    __rt_lib_init_lc_ctype_1                 0x08005133   Thumb Code     0  libinit2.o(.ARM.Collect$$libinit$$00000013)
    __rt_lib_init_lc_monetary_1              0x08005133   Thumb Code     0  libinit2.o(.ARM.Collect$$libinit$$00000015)
    __rt_lib_init_lc_numeric_1               0x08005133   Thumb Code     0  libinit2.o(.ARM.Collect$$libinit$$00000017)
    __rt_lib_init_lc_time_1                  0x08005133   Thumb Code     0  libinit2.o(.ARM.Collect$$libinit$$00000019)
    __rt_lib_init_preinit_1                  0x08005133   Thumb Code     0  libinit2.o(.ARM.Collect$$libinit$$00000004)
    __rt_lib_init_rand_1                     0x08005133   Thumb Code     0  libinit2.o(.ARM.Collect$$libinit$$0000000E)
    __rt_lib_init_return                     0x08005133   Thumb Code     0  libinit2.o(.ARM.Collect$$libinit$$00000033)
    __rt_lib_init_signal_1                   0x08005133   Thumb Code     0  libinit2.o(.ARM.Collect$$libinit$$0000001D)
    __rt_lib_init_stdio_1                    0x08005133   Thumb Code     0  libinit2.o(.ARM.Collect$$libinit$$00000025)
    __rt_lib_init_user_alloc_1               0x08005133   Thumb Code     0  libinit2.o(.ARM.Collect$$libinit$$0000000C)
    __rt_lib_shutdown                        0x08005135   Thumb Code     0  libshutdown.o(.ARM.Collect$$libshutdown$$00000000)
    __rt_lib_shutdown_fp_trap_1              0x08005137   Thumb Code     0  libshutdown2.o(.ARM.Collect$$libshutdown$$00000006)
    __rt_lib_shutdown_heap_1                 0x08005137   Thumb Code     0  libshutdown2.o(.ARM.Collect$$libshutdown$$0000000E)
    __rt_lib_shutdown_return                 0x08005137   Thumb Code     0  libshutdown2.o(.ARM.Collect$$libshutdown$$0000000F)
    __rt_lib_shutdown_signal_1               0x08005137   Thumb Code     0  libshutdown2.o(.ARM.Collect$$libshutdown$$00000009)
    __rt_lib_shutdown_stdio_1                0x08005137   Thumb Code     0  libshutdown2.o(.ARM.Collect$$libshutdown$$00000003)
    __rt_lib_shutdown_user_alloc_1           0x08005137   Thumb Code     0  libshutdown2.o(.ARM.Collect$$libshutdown$$0000000B)
    __rt_entry                               0x08005139   Thumb Code     0  __rtentry.o(.ARM.Collect$$rtentry$$00000000)
    __rt_entry_presh_1                       0x08005139   Thumb Code     0  __rtentry2.o(.ARM.Collect$$rtentry$$00000002)
    __rt_entry_sh                            0x08005139   Thumb Code     0  __rtentry4.o(.ARM.Collect$$rtentry$$00000004)
    __rt_entry_li                            0x0800513f   Thumb Code     0  __rtentry2.o(.ARM.Collect$$rtentry$$0000000A)
    __rt_entry_postsh_1                      0x0800513f   Thumb Code     0  __rtentry2.o(.ARM.Collect$$rtentry$$00000009)
    __rt_entry_main                          0x08005143   Thumb Code     0  __rtentry2.o(.ARM.Collect$$rtentry$$0000000D)
    __rt_entry_postli_1                      0x08005143   Thumb Code     0  __rtentry2.o(.ARM.Collect$$rtentry$$0000000C)
    __rt_exit                                0x0800514b   Thumb Code     0  rtexit.o(.ARM.Collect$$rtexit$$00000000)
    __rt_exit_ls                             0x0800514d   Thumb Code     0  rtexit2.o(.ARM.Collect$$rtexit$$00000003)
    __rt_exit_prels_1                        0x0800514d   Thumb Code     0  rtexit2.o(.ARM.Collect$$rtexit$$00000002)
    __rt_exit_exit                           0x08005151   Thumb Code     0  rtexit2.o(.ARM.Collect$$rtexit$$00000004)
    Reset_Handler                            0x08005159   Thumb Code     8  startup_stm32f030.o(.text)
    ADC1_IRQHandler                          0x0800516b   Thumb Code     0  startup_stm32f030.o(.text)
    DMA1_Channel1_IRQHandler                 0x0800516b   Thumb Code     0  startup_stm32f030.o(.text)
    DMA1_Channel2_3_IRQHandler               0x0800516b   Thumb Code     0  startup_stm32f030.o(.text)
    DMA1_Channel4_5_IRQHandler               0x0800516b   Thumb Code     0  startup_stm32f030.o(.text)
    EXTI0_1_IRQHandler                       0x0800516b   Thumb Code     0  startup_stm32f030.o(.text)
    EXTI2_3_IRQHandler                       0x0800516b   Thumb Code     0  startup_stm32f030.o(.text)
    EXTI4_15_IRQHandler                      0x0800516b   Thumb Code     0  startup_stm32f030.o(.text)
    FLASH_IRQHandler                         0x0800516b   Thumb Code     0  startup_stm32f030.o(.text)
    I2C1_IRQHandler                          0x0800516b   Thumb Code     0  startup_stm32f030.o(.text)
    I2C2_IRQHandler                          0x0800516b   Thumb Code     0  startup_stm32f030.o(.text)
    RCC_IRQHandler                           0x0800516b   Thumb Code     0  startup_stm32f030.o(.text)
    RTC_IRQHandler                           0x0800516b   Thumb Code     0  startup_stm32f030.o(.text)
    SPI1_IRQHandler                          0x0800516b   Thumb Code     0  startup_stm32f030.o(.text)
    SPI2_IRQHandler                          0x0800516b   Thumb Code     0  startup_stm32f030.o(.text)
    TIM14_IRQHandler                         0x0800516b   Thumb Code     0  startup_stm32f030.o(.text)
    TIM15_IRQHandler                         0x0800516b   Thumb Code     0  startup_stm32f030.o(.text)
    TIM16_IRQHandler                         0x0800516b   Thumb Code     0  startup_stm32f030.o(.text)
    TIM17_IRQHandler                         0x0800516b   Thumb Code     0  startup_stm32f030.o(.text)
    TIM1_BRK_UP_TRG_COM_IRQHandler           0x0800516b   Thumb Code     0  startup_stm32f030.o(.text)
    TIM1_CC_IRQHandler                       0x0800516b   Thumb Code     0  startup_stm32f030.o(.text)
    TIM3_IRQHandler                          0x0800516b   Thumb Code     0  startup_stm32f030.o(.text)
    USART2_IRQHandler                        0x0800516b   Thumb Code     0  startup_stm32f030.o(.text)
    WWDG_IRQHandler                          0x0800516b   Thumb Code     0  startup_stm32f030.o(.text)
    __user_initial_stackheap                 0x0800516d   Thumb Code     0  startup_stm32f030.o(.text)
    FLASH_SetLatency                         0x08005191   Thumb Code    24  stm32f0xx_flash.o(.text)
    FLASH_PrefetchBufferCmd                  0x080051a9   Thumb Code    32  stm32f0xx_flash.o(.text)
    FLASH_GetPrefetchBufferStatus            0x080051c9   Thumb Code    22  stm32f0xx_flash.o(.text)
    FLASH_Unlock                             0x080051df   Thumb Code    24  stm32f0xx_flash.o(.text)
    FLASH_Lock                               0x080051f7   Thumb Code    14  stm32f0xx_flash.o(.text)
    FLASH_GetStatus                          0x08005205   Thumb Code    54  stm32f0xx_flash.o(.text)
    FLASH_WaitForLastOperation               0x0800523b   Thumb Code    40  stm32f0xx_flash.o(.text)
    FLASH_ErasePage                          0x08005263   Thumb Code    72  stm32f0xx_flash.o(.text)
    FLASH_EraseAllPages                      0x080052ab   Thumb Code    68  stm32f0xx_flash.o(.text)
    FLASH_ProgramWord                        0x080052ef   Thumb Code   104  stm32f0xx_flash.o(.text)
    FLASH_ProgramHalfWord                    0x08005357   Thumb Code    62  stm32f0xx_flash.o(.text)
    FLASH_OB_Unlock                          0x08005395   Thumb Code    26  stm32f0xx_flash.o(.text)
    FLASH_OB_Lock                            0x080053af   Thumb Code    16  stm32f0xx_flash.o(.text)
    FLASH_OB_Launch                          0x080053bf   Thumb Code    16  stm32f0xx_flash.o(.text)
    FLASH_OB_GetRDP                          0x080053cf   Thumb Code    22  stm32f0xx_flash.o(.text)
    FLASH_OB_Erase                           0x080053e5   Thumb Code   144  stm32f0xx_flash.o(.text)
    FLASH_OB_EnableWRP                       0x08005475   Thumb Code   172  stm32f0xx_flash.o(.text)
    FLASH_OB_RDPConfig                       0x08005521   Thumb Code   156  stm32f0xx_flash.o(.text)
    FLASH_OB_UserConfig                      0x080055bd   Thumb Code    80  stm32f0xx_flash.o(.text)
    FLASH_OB_BOOTConfig                      0x0800560d   Thumb Code    70  stm32f0xx_flash.o(.text)
    FLASH_OB_BOOT0Config                     0x08005653   Thumb Code    70  stm32f0xx_flash.o(.text)
    FLASH_OB_BOOT0SWConfig                   0x08005699   Thumb Code    70  stm32f0xx_flash.o(.text)
    FLASH_OB_VDDAConfig                      0x080056df   Thumb Code    70  stm32f0xx_flash.o(.text)
    FLASH_OB_SRAMParityConfig                0x08005725   Thumb Code    70  stm32f0xx_flash.o(.text)
    FLASH_OB_WriteUser                       0x0800576b   Thumb Code    66  stm32f0xx_flash.o(.text)
    FLASH_OB_ProgramData                     0x080057ad   Thumb Code    66  stm32f0xx_flash.o(.text)
    FLASH_OB_GetUser                         0x080057ef   Thumb Code    10  stm32f0xx_flash.o(.text)
    FLASH_OB_GetWRP                          0x080057f9   Thumb Code     6  stm32f0xx_flash.o(.text)
    FLASH_ITConfig                           0x080057ff   Thumb Code    28  stm32f0xx_flash.o(.text)
    FLASH_GetFlagStatus                      0x0800581b   Thumb Code    22  stm32f0xx_flash.o(.text)
    FLASH_ClearFlag                          0x08005831   Thumb Code     6  stm32f0xx_flash.o(.text)
    GPIO_DeInit                              0x08005841   Thumb Code   156  stm32f0xx_gpio.o(.text)
    GPIO_Init                                0x080058dd   Thumb Code   144  stm32f0xx_gpio.o(.text)
    GPIO_StructInit                          0x0800596d   Thumb Code    20  stm32f0xx_gpio.o(.text)
    GPIO_PinLockConfig                       0x08005981   Thumb Code    34  stm32f0xx_gpio.o(.text)
    GPIO_ReadInputDataBit                    0x080059a3   Thumb Code    20  stm32f0xx_gpio.o(.text)
    GPIO_ReadInputData                       0x080059b7   Thumb Code     6  stm32f0xx_gpio.o(.text)
    GPIO_ReadOutputDataBit                   0x080059bd   Thumb Code    20  stm32f0xx_gpio.o(.text)
    GPIO_ReadOutputData                      0x080059d1   Thumb Code     6  stm32f0xx_gpio.o(.text)
    GPIO_SetBits                             0x080059d7   Thumb Code     4  stm32f0xx_gpio.o(.text)
    GPIO_ResetBits                           0x080059db   Thumb Code     4  stm32f0xx_gpio.o(.text)
    GPIO_WriteBit                            0x080059df   Thumb Code    12  stm32f0xx_gpio.o(.text)
    GPIO_Write                               0x080059eb   Thumb Code     4  stm32f0xx_gpio.o(.text)
    GPIO_PinAFConfig                         0x080059ef   Thumb Code    68  stm32f0xx_gpio.o(.text)
    NVIC_Init                                0x08005a4d   Thumb Code   106  stm32f0xx_misc.o(.text)
    NVIC_SystemLPConfig                      0x08005ab7   Thumb Code    28  stm32f0xx_misc.o(.text)
    SysTick_CLKSourceConfig                  0x08005ad3   Thumb Code    32  stm32f0xx_misc.o(.text)
    RCC_DeInit                               0x08005b01   Thumb Code   104  stm32f0xx_rcc.o(.text)
    RCC_HSEConfig                            0x08005b69   Thumb Code    12  stm32f0xx_rcc.o(.text)
    RCC_GetFlagStatus                        0x08005b75   Thumb Code    68  stm32f0xx_rcc.o(.text)
    RCC_WaitForHSEStartUp                    0x08005bb9   Thumb Code    60  stm32f0xx_rcc.o(.text)
    RCC_AdjustHSICalibrationValue            0x08005bf5   Thumb Code    26  stm32f0xx_rcc.o(.text)
    RCC_HSICmd                               0x08005c0f   Thumb Code    32  stm32f0xx_rcc.o(.text)
    RCC_AdjustHSI14CalibrationValue          0x08005c2f   Thumb Code    26  stm32f0xx_rcc.o(.text)
    RCC_HSI14Cmd                             0x08005c49   Thumb Code    32  stm32f0xx_rcc.o(.text)
    RCC_HSI14ADCRequestCmd                   0x08005c69   Thumb Code    32  stm32f0xx_rcc.o(.text)
    RCC_LSEConfig                            0x08005c89   Thumb Code    34  stm32f0xx_rcc.o(.text)
    RCC_LSEDriveConfig                       0x08005cab   Thumb Code    22  stm32f0xx_rcc.o(.text)
    RCC_LSICmd                               0x08005cc1   Thumb Code    32  stm32f0xx_rcc.o(.text)
    RCC_PLLConfig                            0x08005ce1   Thumb Code    30  stm32f0xx_rcc.o(.text)
    RCC_PLLCmd                               0x08005cff   Thumb Code    36  stm32f0xx_rcc.o(.text)
    RCC_HSI48Cmd                             0x08005d23   Thumb Code    36  stm32f0xx_rcc.o(.text)
    RCC_PREDIV1Config                        0x08005d47   Thumb Code    24  stm32f0xx_rcc.o(.text)
    RCC_ClockSecuritySystemCmd               0x08005d5f   Thumb Code    36  stm32f0xx_rcc.o(.text)
    RCC_MCOConfig                            0x08005d83   Thumb Code     6  stm32f0xx_rcc.o(.text)
    RCC_SYSCLKConfig                         0x08005d89   Thumb Code    24  stm32f0xx_rcc.o(.text)
    RCC_GetSYSCLKSource                      0x08005da1   Thumb Code    10  stm32f0xx_rcc.o(.text)
    RCC_HCLKConfig                           0x08005dab   Thumb Code    28  stm32f0xx_rcc.o(.text)
    RCC_PCLKConfig                           0x08005dc7   Thumb Code    30  stm32f0xx_rcc.o(.text)
    RCC_ADCCLKConfig                         0x08005de5   Thumb Code    52  stm32f0xx_rcc.o(.text)
    RCC_CECCLKConfig                         0x08005e19   Thumb Code    22  stm32f0xx_rcc.o(.text)
    RCC_I2CCLKConfig                         0x08005e2f   Thumb Code    22  stm32f0xx_rcc.o(.text)
    RCC_USARTCLKConfig                       0x08005e45   Thumb Code    48  stm32f0xx_rcc.o(.text)
    RCC_USBCLKConfig                         0x08005e75   Thumb Code    22  stm32f0xx_rcc.o(.text)
    RCC_GetClocksFreq                        0x08005e8b   Thumb Code   490  stm32f0xx_rcc.o(.text)
    RCC_RTCCLKConfig                         0x08006075   Thumb Code    12  stm32f0xx_rcc.o(.text)
    RCC_RTCCLKCmd                            0x08006081   Thumb Code    36  stm32f0xx_rcc.o(.text)
    RCC_BackupResetCmd                       0x080060a5   Thumb Code    36  stm32f0xx_rcc.o(.text)
    RCC_AHBPeriphClockCmd                    0x080060c9   Thumb Code    28  stm32f0xx_rcc.o(.text)
    RCC_APB2PeriphClockCmd                   0x080060e5   Thumb Code    28  stm32f0xx_rcc.o(.text)
    RCC_APB1PeriphClockCmd                   0x08006101   Thumb Code    28  stm32f0xx_rcc.o(.text)
    RCC_AHBPeriphResetCmd                    0x0800611d   Thumb Code    28  stm32f0xx_rcc.o(.text)
    RCC_APB2PeriphResetCmd                   0x08006139   Thumb Code    28  stm32f0xx_rcc.o(.text)
    RCC_APB1PeriphResetCmd                   0x08006155   Thumb Code    28  stm32f0xx_rcc.o(.text)
    RCC_ITConfig                             0x08006171   Thumb Code    28  stm32f0xx_rcc.o(.text)
    RCC_ClearFlag                            0x0800618d   Thumb Code    16  stm32f0xx_rcc.o(.text)
    RCC_GetITStatus                          0x0800619d   Thumb Code    22  stm32f0xx_rcc.o(.text)
    RCC_ClearITPendingBit                    0x080061b3   Thumb Code     6  stm32f0xx_rcc.o(.text)
    SYSCFG_DeInit                            0x080061d1   Thumb Code    40  stm32f0xx_syscfg.o(.text)
    SYSCFG_MemoryRemapConfig                 0x080061f9   Thumb Code    24  stm32f0xx_syscfg.o(.text)
    SYSCFG_DMAChannelRemapConfig             0x08006211   Thumb Code    28  stm32f0xx_syscfg.o(.text)
    SYSCFG_I2CFastModePlusConfig             0x0800622d   Thumb Code    28  stm32f0xx_syscfg.o(.text)
    SYSCFG_EXTILineConfig                    0x08006249   Thumb Code    66  stm32f0xx_syscfg.o(.text)
    SYSCFG_BreakConfig                       0x0800628b   Thumb Code    12  stm32f0xx_syscfg.o(.text)
    SYSCFG_GetFlagStatus                     0x08006297   Thumb Code    26  stm32f0xx_syscfg.o(.text)
    SYSCFG_ClearFlag                         0x080062b1   Thumb Code    12  stm32f0xx_syscfg.o(.text)
    USART_DeInit                             0x080062c1   Thumb Code   108  stm32f0xx_usart.o(.text)
    USART_Init                               0x0800632d   Thumb Code   214  stm32f0xx_usart.o(.text)
    USART_StructInit                         0x08006403   Thumb Code    24  stm32f0xx_usart.o(.text)
    USART_ClockInit                          0x0800641b   Thumb Code    36  stm32f0xx_usart.o(.text)
    USART_ClockStructInit                    0x0800643f   Thumb Code    12  stm32f0xx_usart.o(.text)
    USART_Cmd                                0x0800644b   Thumb Code    24  stm32f0xx_usart.o(.text)
    USART_DirectionModeCmd                   0x08006463   Thumb Code    20  stm32f0xx_usart.o(.text)
    USART_OverSampling8Cmd                   0x08006477   Thumb Code    28  stm32f0xx_usart.o(.text)
    USART_OneBitMethodCmd                    0x08006493   Thumb Code    28  stm32f0xx_usart.o(.text)
    USART_MSBFirstCmd                        0x080064af   Thumb Code    28  stm32f0xx_usart.o(.text)
    USART_DataInvCmd                         0x080064cb   Thumb Code    28  stm32f0xx_usart.o(.text)
    USART_InvPinCmd                          0x080064e7   Thumb Code    20  stm32f0xx_usart.o(.text)
    USART_SWAPPinCmd                         0x080064fb   Thumb Code    28  stm32f0xx_usart.o(.text)
    USART_ReceiverTimeOutCmd                 0x08006517   Thumb Code    28  stm32f0xx_usart.o(.text)
    USART_SetReceiverTimeOut                 0x08006533   Thumb Code    16  stm32f0xx_usart.o(.text)
    USART_SetPrescaler                       0x08006543   Thumb Code    18  stm32f0xx_usart.o(.text)
    USART_STOPModeCmd                        0x08006555   Thumb Code    24  stm32f0xx_usart.o(.text)
    USART_StopModeWakeUpSourceConfig         0x0800656d   Thumb Code    18  stm32f0xx_usart.o(.text)
    USART_AutoBaudRateCmd                    0x0800657f   Thumb Code    28  stm32f0xx_usart.o(.text)
    USART_AutoBaudRateConfig                 0x0800659b   Thumb Code    18  stm32f0xx_usart.o(.text)
    USART_SendData                           0x080065ad   Thumb Code     8  stm32f0xx_usart.o(.text)
    USART_ReceiveData                        0x080065b5   Thumb Code    10  stm32f0xx_usart.o(.text)
    USART_SetAddress                         0x080065bf   Thumb Code    18  stm32f0xx_usart.o(.text)
    USART_MuteModeCmd                        0x080065d1   Thumb Code    28  stm32f0xx_usart.o(.text)
    USART_MuteModeWakeUpConfig               0x080065ed   Thumb Code    18  stm32f0xx_usart.o(.text)
    USART_AddressDetectionConfig             0x080065ff   Thumb Code    16  stm32f0xx_usart.o(.text)
    USART_LINBreakDetectLengthConfig         0x0800660f   Thumb Code    16  stm32f0xx_usart.o(.text)
    USART_LINCmd                             0x0800661f   Thumb Code    28  stm32f0xx_usart.o(.text)
    USART_HalfDuplexCmd                      0x0800663b   Thumb Code    24  stm32f0xx_usart.o(.text)
    USART_SetGuardTime                       0x08006653   Thumb Code    16  stm32f0xx_usart.o(.text)
    USART_SmartCardCmd                       0x08006663   Thumb Code    24  stm32f0xx_usart.o(.text)
    USART_SmartCardNACKCmd                   0x0800667b   Thumb Code    24  stm32f0xx_usart.o(.text)
    USART_SetAutoRetryCount                  0x08006693   Thumb Code    46  stm32f0xx_usart.o(.text)
    USART_SetBlockLength                     0x080066c1   Thumb Code    18  stm32f0xx_usart.o(.text)
    USART_IrDAConfig                         0x080066d3   Thumb Code    16  stm32f0xx_usart.o(.text)
    USART_IrDACmd                            0x080066e3   Thumb Code    24  stm32f0xx_usart.o(.text)
    USART_DECmd                              0x080066fb   Thumb Code    28  stm32f0xx_usart.o(.text)
    USART_DEPolarityConfig                   0x08006717   Thumb Code    18  stm32f0xx_usart.o(.text)
    USART_SetDEAssertionTime                 0x08006729   Thumb Code    20  stm32f0xx_usart.o(.text)
    USART_SetDEDeassertionTime               0x0800673d   Thumb Code    20  stm32f0xx_usart.o(.text)
    USART_DMACmd                             0x08006751   Thumb Code    20  stm32f0xx_usart.o(.text)
    USART_DMAReceptionErrorConfig            0x08006765   Thumb Code    18  stm32f0xx_usart.o(.text)
    USART_ITConfig                           0x08006777   Thumb Code    66  stm32f0xx_usart.o(.text)
    USART_RequestCmd                         0x080067b9   Thumb Code    20  stm32f0xx_usart.o(.text)
    USART_OverrunDetectionConfig             0x080067cd   Thumb Code    18  stm32f0xx_usart.o(.text)
    USART_GetFlagStatus                      0x080067df   Thumb Code    20  stm32f0xx_usart.o(.text)
    USART_ClearFlag                          0x080067f3   Thumb Code     4  stm32f0xx_usart.o(.text)
    USART_GetITStatus                        0x080067f7   Thumb Code    78  stm32f0xx_usart.o(.text)
    USART_ClearITPendingBit                  0x08006845   Thumb Code    18  stm32f0xx_usart.o(.text)
    SystemInit                               0x080068d7   Thumb Code   110  system_stm32f0xx.o(.text)
    SystemCoreClockUpdate                    0x08006945   Thumb Code   154  system_stm32f0xx.o(.text)
    LED_GPIO_Config                          0x08006a01   Thumb Code    44  led.o(.text)
    LEDXToggle                               0x08006a2d   Thumb Code    18  led.o(.text)
    _sys_exit                                0x08006a45   Thumb Code     4  usart1.o(.text)
    fputc                                    0x08006a49   Thumb Code    22  usart1.o(.text)
    USART1_Init                              0x08006a5f   Thumb Code   144  usart1.o(.text)
    USART1_IRQHandler                        0x08006aef   Thumb Code    36  usart1.o(.text)
    STMFLASH_Write_NoCheck                   0x08006b21   Thumb Code    30  stmflash.o(.text)
    STMFLASH_ReadHalfWord                    0x08006b3f   Thumb Code     6  stmflash.o(.text)
    IAP_Set                                  0x08006b45   Thumb Code    48  main.o(.text)
    Delay_ms                                 0x08006b75   Thumb Code    28  main.o(.text)
    main                                     0x08006b91   Thumb Code   104  main.o(.text)
    NMI_Handler                              0x08006c35   Thumb Code     2  stm32f0xx_it.o(.text)
    HardFault_Handler                        0x08006c37   Thumb Code     4  stm32f0xx_it.o(.text)
    SVC_Handler                              0x08006c3b   Thumb Code     2  stm32f0xx_it.o(.text)
    PendSV_Handler                           0x08006c3d   Thumb Code     2  stm32f0xx_it.o(.text)
    SysTick_Handler                          0x08006c3f   Thumb Code     2  stm32f0xx_it.o(.text)
    __use_no_semihosting                     0x08006c41   Thumb Code     2  use_no_semi_2.o(.text)
    __2printf                                0x08006c45   Thumb Code    22  noretval__2printf.o(.text)
    __aeabi_uidiv                            0x08006c61   Thumb Code     0  aeabi_sdiv.o(.text)
    __aeabi_uidivmod                         0x08006c61   Thumb Code    20  aeabi_sdiv.o(.text)
    __aeabi_idiv                             0x08006c75   Thumb Code     0  aeabi_sdiv.o(.text)
    __aeabi_idivmod                          0x08006c75   Thumb Code   326  aeabi_sdiv.o(.text)
    __use_two_region_memory                  0x08006dbb   Thumb Code     2  heapauxi.o(.text)
    __rt_heap_escrow$2region                 0x08006dbd   Thumb Code     2  heapauxi.o(.text)
    __rt_heap_expand$2region                 0x08006dbf   Thumb Code     2  heapauxi.o(.text)
    __I$use$semihosting                      0x08006dc1   Thumb Code     0  use_no_semi.o(.text)
    __use_no_semihosting_swi                 0x08006dc1   Thumb Code     2  use_no_semi.o(.text)
    _printf_char_file                        0x08006dc5   Thumb Code    34  _printf_char_file.o(.text)
    _printf_char_common                      0x08006df7   Thumb Code    32  _printf_char_common.o(.text)
    ferror                                   0x08006e1d   Thumb Code     8  ferror.o(.text)
    __user_setup_stackheap                   0x08006e25   Thumb Code    62  sys_stackheap_outer.o(.text)
    __printf                                 0x08006e63   Thumb Code    36  __printf_nopercent.o(.text)
    exit                                     0x08006e87   Thumb Code    12  exit.o(.text)
    __user_libspace                          0x08006e95   Thumb Code     8  libspace.o(.text)
    __user_perproc_libspace                  0x08006e95   Thumb Code     0  libspace.o(.text)
    __user_perthread_libspace                0x08006e95   Thumb Code     0  libspace.o(.text)
    Region$$Table$$Base                      0x08006e9c   Number         0  anon$$obj.o(Region$$Table)
    Region$$Table$$Limit                     0x08006ebc   Number         0  anon$$obj.o(Region$$Table)
    SystemCoreClock                          0x200000c4   Data           4  system_stm32f0xx.o(.data)
    AHBPrescTable                            0x200000c8   Data          16  system_stm32f0xx.o(.data)
    __stdout                                 0x200000d8   Data           4  usart1.o(.data)
    updata_pro                               0x200000dc   Data           1  usart1.o(.data)
    __libspace_start                         0x200000e0   Data          96  libspace.o(.bss)
    __temporary_stack_top$libspace           0x20000140   Data           0  libspace.o(.bss)



==============================================================================

Memory Map of the image

  Image Entry point : 0x080050b5

  Load Region LR_IROM1 (Base: 0x08005000, Size: 0x00001ee8, Max: 0x0000b000, ABSOLUTE)

    Execution Region ER_IROM1 (Base: 0x08005000, Size: 0x00001ebc, Max: 0x0000b000, ABSOLUTE)

    Base Addr    Size         Type   Attr      Idx    E Section Name        Object

    0x08005000   0x000000b4   Data   RO            3    RESET               startup_stm32f030.o
    0x080050b4   0x00000008   Code   RO          691  * !!!main             c_p.l(__main.o)
    0x080050bc   0x0000003c   Code   RO          867    !!!scatter          c_p.l(__scatter.o)
    0x080050f8   0x0000001a   Code   RO          869    !!handler_copy      c_p.l(__scatter_copy.o)
    0x08005112   0x00000002   PAD
    0x08005114   0x0000001c   Code   RO          871    !!handler_zi        c_p.l(__scatter_zi.o)
    0x08005130   0x00000002   Code   RO          741    .ARM.Collect$$libinit$$00000000  c_p.l(libinit.o)
    0x08005132   0x00000000   Code   RO          755    .ARM.Collect$$libinit$$00000002  c_p.l(libinit2.o)
    0x08005132   0x00000000   Code   RO          757    .ARM.Collect$$libinit$$00000004  c_p.l(libinit2.o)
    0x08005132   0x00000000   Code   RO          760    .ARM.Collect$$libinit$$0000000A  c_p.l(libinit2.o)
    0x08005132   0x00000000   Code   RO          762    .ARM.Collect$$libinit$$0000000C  c_p.l(libinit2.o)
    0x08005132   0x00000000   Code   RO          764    .ARM.Collect$$libinit$$0000000E  c_p.l(libinit2.o)
    0x08005132   0x00000000   Code   RO          767    .ARM.Collect$$libinit$$00000011  c_p.l(libinit2.o)
    0x08005132   0x00000000   Code   RO          769    .ARM.Collect$$libinit$$00000013  c_p.l(libinit2.o)
    0x08005132   0x00000000   Code   RO          771    .ARM.Collect$$libinit$$00000015  c_p.l(libinit2.o)
    0x08005132   0x00000000   Code   RO          773    .ARM.Collect$$libinit$$00000017  c_p.l(libinit2.o)
    0x08005132   0x00000000   Code   RO          775    .ARM.Collect$$libinit$$00000019  c_p.l(libinit2.o)
    0x08005132   0x00000000   Code   RO          777    .ARM.Collect$$libinit$$0000001B  c_p.l(libinit2.o)
    0x08005132   0x00000000   Code   RO          779    .ARM.Collect$$libinit$$0000001D  c_p.l(libinit2.o)
    0x08005132   0x00000000   Code   RO          781    .ARM.Collect$$libinit$$0000001F  c_p.l(libinit2.o)
    0x08005132   0x00000000   Code   RO          783    .ARM.Collect$$libinit$$00000021  c_p.l(libinit2.o)
    0x08005132   0x00000000   Code   RO          785    .ARM.Collect$$libinit$$00000023  c_p.l(libinit2.o)
    0x08005132   0x00000000   Code   RO          787    .ARM.Collect$$libinit$$00000025  c_p.l(libinit2.o)
    0x08005132   0x00000000   Code   RO          791    .ARM.Collect$$libinit$$0000002C  c_p.l(libinit2.o)
    0x08005132   0x00000000   Code   RO          793    .ARM.Collect$$libinit$$0000002E  c_p.l(libinit2.o)
    0x08005132   0x00000000   Code   RO          795    .ARM.Collect$$libinit$$00000030  c_p.l(libinit2.o)
    0x08005132   0x00000000   Code   RO          797    .ARM.Collect$$libinit$$00000032  c_p.l(libinit2.o)
    0x08005132   0x00000002   Code   RO          798    .ARM.Collect$$libinit$$00000033  c_p.l(libinit2.o)
    0x08005134   0x00000002   Code   RO          824    .ARM.Collect$$libshutdown$$00000000  c_p.l(libshutdown.o)
    0x08005136   0x00000000   Code   RO          852    .ARM.Collect$$libshutdown$$00000003  c_p.l(libshutdown2.o)
    0x08005136   0x00000000   Code   RO          855    .ARM.Collect$$libshutdown$$00000006  c_p.l(libshutdown2.o)
    0x08005136   0x00000000   Code   RO          858    .ARM.Collect$$libshutdown$$00000009  c_p.l(libshutdown2.o)
    0x08005136   0x00000000   Code   RO          860    .ARM.Collect$$libshutdown$$0000000B  c_p.l(libshutdown2.o)
    0x08005136   0x00000000   Code   RO          863    .ARM.Collect$$libshutdown$$0000000E  c_p.l(libshutdown2.o)
    0x08005136   0x00000002   Code   RO          864    .ARM.Collect$$libshutdown$$0000000F  c_p.l(libshutdown2.o)
    0x08005138   0x00000000   Code   RO          695    .ARM.Collect$$rtentry$$00000000  c_p.l(__rtentry.o)
    0x08005138   0x00000000   Code   RO          703    .ARM.Collect$$rtentry$$00000002  c_p.l(__rtentry2.o)
    0x08005138   0x00000006   Code   RO          715    .ARM.Collect$$rtentry$$00000004  c_p.l(__rtentry4.o)
    0x0800513e   0x00000000   Code   RO          705    .ARM.Collect$$rtentry$$00000009  c_p.l(__rtentry2.o)
    0x0800513e   0x00000004   Code   RO          706    .ARM.Collect$$rtentry$$0000000A  c_p.l(__rtentry2.o)
    0x08005142   0x00000000   Code   RO          708    .ARM.Collect$$rtentry$$0000000C  c_p.l(__rtentry2.o)
    0x08005142   0x00000008   Code   RO          709    .ARM.Collect$$rtentry$$0000000D  c_p.l(__rtentry2.o)
    0x0800514a   0x00000002   Code   RO          746    .ARM.Collect$$rtexit$$00000000  c_p.l(rtexit.o)
    0x0800514c   0x00000000   Code   RO          800    .ARM.Collect$$rtexit$$00000002  c_p.l(rtexit2.o)
    0x0800514c   0x00000004   Code   RO          801    .ARM.Collect$$rtexit$$00000003  c_p.l(rtexit2.o)
    0x08005150   0x00000006   Code   RO          802    .ARM.Collect$$rtexit$$00000004  c_p.l(rtexit2.o)
    0x08005156   0x00000002   PAD
    0x08005158   0x00000038   Code   RO            4    .text               startup_stm32f030.o
    0x08005190   0x000006b0   Code   RO          261    .text               stm32f0xx_flash.o
    0x08005840   0x0000020c   Code   RO          281    .text               stm32f0xx_gpio.o
    0x08005a4c   0x000000b4   Code   RO          341    .text               stm32f0xx_misc.o
    0x08005b00   0x000006d0   Code   RO          381    .text               stm32f0xx_rcc.o
    0x080061d0   0x000000f0   Code   RO          443    .text               stm32f0xx_syscfg.o
    0x080062c0   0x00000596   Code   RO          483    .text               stm32f0xx_usart.o
    0x08006856   0x00000002   PAD
    0x08006858   0x000001a8   Code   RO          523    .text               system_stm32f0xx.o
    0x08006a00   0x00000044   Code   RO          549    .text               led.o
    0x08006a44   0x000000dc   Code   RO          572    .text               usart1.o
    0x08006b20   0x00000024   Code   RO          605    .text               stmflash.o
    0x08006b44   0x000000f0   Code   RO          628    .text               main.o
    0x08006c34   0x0000000c   Code   RO          656    .text               stm32f0xx_it.o
    0x08006c40   0x00000002   Code   RO          679    .text               c_p.l(use_no_semi_2.o)
    0x08006c42   0x00000002   PAD
    0x08006c44   0x0000001c   Code   RO          683    .text               c_p.l(noretval__2printf.o)
    0x08006c60   0x0000015a   Code   RO          685    .text               c_p.l(aeabi_sdiv.o)
    0x08006dba   0x00000006   Code   RO          689    .text               c_p.l(heapauxi.o)
    0x08006dc0   0x00000002   Code   RO          693    .text               c_p.l(use_no_semi.o)
    0x08006dc2   0x00000002   PAD
    0x08006dc4   0x00000028   Code   RO          700    .text               c_p.l(_printf_char_file.o)
    0x08006dec   0x00000030   Code   RO          719    .text               c_p.l(_printf_char_common.o)
    0x08006e1c   0x00000008   Code   RO          721    .text               c_p.l(ferror.o)
    0x08006e24   0x0000003e   Code   RO          725    .text               c_p.l(sys_stackheap_outer.o)
    0x08006e62   0x00000024   Code   RO          728    .text               c_p.l(__printf_nopercent.o)
    0x08006e86   0x0000000c   Code   RO          730    .text               c_p.l(exit.o)
    0x08006e92   0x00000002   PAD
    0x08006e94   0x00000008   Code   RO          742    .text               c_p.l(libspace.o)
    0x08006e9c   0x00000020   Data   RO          865    Region$$Table       anon$$obj.o


    Execution Region RW_IRAM1 (Base: 0x200000b4, Size: 0x0000068c, Max: 0x00001f4c, ABSOLUTE)

    Base Addr    Size         Type   Attr      Idx    E Section Name        Object

    0x200000b4   0x00000010   Data   RW          382    .data               stm32f0xx_rcc.o
    0x200000c4   0x00000014   Data   RW          524    .data               system_stm32f0xx.o
    0x200000d8   0x00000005   Data   RW          573    .data               usart1.o
    0x200000dd   0x00000003   PAD
    0x200000e0   0x00000060   Zero   RW          743    .bss                c_p.l(libspace.o)
    0x20000140   0x00000200   Zero   RW            2    HEAP                startup_stm32f030.o
    0x20000340   0x00000400   Zero   RW            1    STACK               startup_stm32f030.o


==============================================================================

Image component sizes


      Code (inc. data)   RO Data    RW Data    ZI Data      Debug   Object Name

        68          6          0          0          0        661   led.o
       240         60          0          0          0        808   main.o
        56         26        180          0       1536        748   startup_stm32f030.o
         0          0          0          0          0     180220   stm32f0xx_adc.o
      1712         30          0          0          0       7625   stm32f0xx_flash.o
       524         26          0          0          0       3773   stm32f0xx_gpio.o
        12          0          0          0          0        775   stm32f0xx_it.o
       180         14          0          0          0       1440   stm32f0xx_misc.o
      1744         46          0         16          0       9040   stm32f0xx_rcc.o
       240          4          0          0          0       2034   stm32f0xx_syscfg.o
      1430         26          0          0          0      11918   stm32f0xx_usart.o
        36          0          0          0          0        795   stmflash.o
       424         34          0         20          0       1851   system_stm32f0xx.o
       220         14          0          5          0       3077   usart1.o

    ----------------------------------------------------------------------
      6888        286        212         44       1536     224765   Object Totals
         0          0         32          0          0          0   (incl. Generated)
         2          0          0          3          0          0   (incl. Padding)

    ----------------------------------------------------------------------

      Code (inc. data)   RO Data    RW Data    ZI Data      Debug   Library Member Name

         8          0          0          0          0         68   __main.o
        36          0          0          0          0         76   __printf_nopercent.o
         0          0          0          0          0          0   __rtentry.o
        12          0          0          0          0          0   __rtentry2.o
         6          0          0          0          0          0   __rtentry4.o
        60          8          0          0          0          0   __scatter.o
        26          0          0          0          0          0   __scatter_copy.o
        28          0          0          0          0          0   __scatter_zi.o
        48          6          0          0          0         88   _printf_char_common.o
        40          6          0          0          0         72   _printf_char_file.o
       346          0          0          0          0         92   aeabi_sdiv.o
        12          0          0          0          0         64   exit.o
         8          0          0          0          0         60   ferror.o
         6          0          0          0          0        136   heapauxi.o
         2          0          0          0          0          0   libinit.o
         2          0          0          0          0          0   libinit2.o
         2          0          0          0          0          0   libshutdown.o
         2          0          0          0          0          0   libshutdown2.o
         8          4          0          0         96         68   libspace.o
        28          6          0          0          0         84   noretval__2printf.o
         2          0          0          0          0          0   rtexit.o
        10          0          0          0          0          0   rtexit2.o
        62          0          0          0          0         80   sys_stackheap_outer.o
         2          0          0          0          0         68   use_no_semi.o
         2          0          0          0          0         68   use_no_semi_2.o

    ----------------------------------------------------------------------
       768         30          0          0         96       1024   Library Totals
        10          0          0          0          0          0   (incl. Padding)

    ----------------------------------------------------------------------

      Code (inc. data)   RO Data    RW Data    ZI Data      Debug   Library Name

       758         30          0          0         96       1024   c_p.l

    ----------------------------------------------------------------------
       768         30          0          0         96       1024   Library Totals

    ----------------------------------------------------------------------

==============================================================================


      Code (inc. data)   RO Data    RW Data    ZI Data      Debug   

      7656        316        212         44       1632     224405   Grand Totals
      7656        316        212         44       1632     224405   ELF Image Totals
      7656        316        212         44          0          0   ROM Totals

==============================================================================

    Total RO  Size (Code + RO Data)                 7868 (   7.68kB)
    Total RW  Size (RW Data + ZI Data)              1676 (   1.64kB)
    Total ROM Size (Code + RO Data + RW Data)       7912 (   7.73kB)

==============================================================================

